10:00:58.485 place-ship: size=4 pos=(9,6) dir=vertical
10:00:58.494 place-ship: size=3 pos=(3,2) dir=vertical
10:00:58.497 place-ship: size=3 pos=(7,6) dir=vertical
10:00:58.500 place-ship: size=2 pos=(2,7) dir=horizontal
10:00:58.502 place-ship: size=2 pos=(6,4) dir=horizontal
10:00:58.505 place-ship: size=2 pos=(8,2) dir=vertical
10:00:58.509 place-ship: size=1 pos=(4,6) dir=vertical
10:00:58.511 place-ship: size=1 pos=(0,1) dir=vertical
10:00:58.514 place-ship: size=1 pos=(8,5) dir=vertical
10:00:58.517 place-ship: size=1 pos=(0,3) dir=vertical
10:00:58.523 shot: pos=(5,6) result=miss
10:00:58.528 enemy-shot: pos=(3,4) result=hit
10:00:58.531 shot: pos=(2,6) result=hit
10:00:58.534 enemy-shot: pos=(2,4) result=miss
10:00:58.537 shot: pos=(1,6) result=miss
10:00:58.540 enemy-shot: pos=(3,3) result=hit
10:00:58.543 shot: pos=(3,6) result=miss
10:00:58.553 enemy-shot: pos=(3,2) result=sunk ship-size=3
10:00:58.557 shot: pos=(2,7) result=hit
10:00:58.559 enemy-shot: pos=(6,9) result=miss
10:00:58.562 shot: pos=(2,5) result=miss
10:00:58.565 enemy-shot: pos=(9,0) result=miss
10:00:58.569 shot: pos=(2,8) result=hit
10:00:58.572 enemy-shot: pos=(4,8) result=miss
10:00:58.575 shot: pos=(2,9) result=sunk ship-size=4
10:00:58.579 enemy-shot: pos=(5,5) result=miss
10:00:58.582 shot: pos=(1,0) result=miss
10:00:58.585 enemy-shot: pos=(6,7) result=miss
10:00:58.587 shot: pos=(5,5) result=miss
10:00:58.590 enemy-shot: pos=(5,0) result=miss
10:00:58.593 shot: pos=(0,3) result=miss
10:00:58.597 enemy-shot: pos=(8,5) result=sunk ship-size=1
10:00:58.600 shot: pos=(8,4) result=miss
10:00:58.602 enemy-shot: pos=(3,7) result=hit
10:00:58.604 shot: pos=(0,1) result=miss
10:00:58.607 enemy-shot: pos=(4,7) result=miss
10:00:58.610 shot: pos=(8,9) result=sunk ship-size=1
10:00:58.613 enemy-shot: pos=(2,7) result=sunk ship-size=2
10:00:58.616 shot: pos=(0,4) result=miss
10:00:58.620 enemy-shot: pos=(0,2) result=miss
10:00:58.623 shot: pos=(9,0) result=miss
10:00:58.626 enemy-shot: pos=(6,6) result=miss
10:00:58.629 shot: pos=(3,2) result=hit
10:00:58.633 enemy-shot: pos=(1,8) result=miss
10:00:58.636 shot: pos=(4,2) result=miss
10:00:58.639 enemy-shot: pos=(4,0) result=miss
10:00:58.642 shot: pos=(3,1) result=hit
10:00:58.645 enemy-shot: pos=(6,3) result=miss
10:00:58.648 shot: pos=(3,0) result=sunk ship-size=3
10:00:58.652 enemy-shot: pos=(0,9) result=miss
10:00:58.655 shot: pos=(8,5) result=sunk ship-size=1
10:00:58.658 enemy-shot: pos=(1,5) result=miss
10:00:58.661 shot: pos=(5,9) result=miss
10:00:58.666 enemy-shot: pos=(9,1) result=miss
10:00:58.670 shot: pos=(1,2) result=hit
10:00:58.673 enemy-shot: pos=(5,4) result=miss
10:00:58.677 shot: pos=(0,2) result=miss
10:00:58.679 enemy-shot: pos=(0,1) result=sunk ship-size=1
10:00:58.683 shot: pos=(1,1) result=miss
10:00:58.686 enemy-shot: pos=(1,6) result=miss
10:00:58.690 shot: pos=(1,3) result=sunk ship-size=2
10:00:58.693 enemy-shot: pos=(6,0) result=miss
10:00:58.696 shot: pos=(4,6) result=miss
10:00:58.699 enemy-shot: pos=(9,2) result=miss
10:00:58.703 shot: pos=(5,7) result=miss
10:00:58.706 enemy-shot: pos=(6,1) result=miss
10:00:58.709 shot: pos=(9,1) result=miss
10:00:58.712 enemy-shot: pos=(4,9) result=miss
10:00:58.716 shot: pos=(5,3) result=miss
10:00:58.719 enemy-shot: pos=(3,0) result=miss
10:00:58.723 shot: pos=(7,8) result=miss
10:00:58.726 enemy-shot: pos=(0,8) result=miss
10:00:58.729 shot: pos=(7,4) result=miss
10:00:58.732 enemy-shot: pos=(3,9) result=miss
10:00:58.736 shot: pos=(6,6) result=sunk ship-size=1
10:00:58.740 enemy-shot: pos=(0,6) result=miss
10:00:58.743 shot: pos=(5,1) result=miss
10:00:58.747 enemy-shot: pos=(1,2) result=miss
10:00:58.750 shot: pos=(0,7) result=miss
10:00:58.753 enemy-shot: pos=(9,9) result=hit
10:00:58.757 shot: pos=(9,6) result=hit
10:00:58.760 enemy-shot: pos=(9,8) result=hit
10:00:58.764 shot: pos=(9,7) result=sunk ship-size=2
10:00:58.768 enemy-shot: pos=(9,7) result=hit
10:00:58.772 shot: pos=(7,3) result=hit
10:00:58.775 enemy-shot: pos=(9,6) result=sunk ship-size=4
10:00:58.778 shot: pos=(6,3) result=miss
10:00:58.783 enemy-shot: pos=(7,9) result=miss
10:00:58.786 shot: pos=(7,2) result=hit
10:00:58.790 enemy-shot: pos=(8,1) result=miss
10:00:58.794 shot: pos=(7,1) result=sunk ship-size=3
10:00:58.797 enemy-shot: pos=(7,4) result=hit
10:00:58.801 shot: pos=(4,4) result=miss
10:00:58.804 enemy-shot: pos=(7,3) result=miss
10:00:58.808 shot: pos=(4,7) result=miss
10:00:58.811 enemy-shot: pos=(6,4) result=sunk ship-size=2
10:00:58.815 shot: pos=(9,2) result=miss
10:00:58.820 enemy-shot: pos=(5,2) result=miss
10:00:58.823 shot: pos=(5,0) result=miss
10:00:58.827 enemy-shot: pos=(6,8) result=miss
10:00:58.830 shot: pos=(3,5) result=miss
10:00:58.834 enemy-shot: pos=(8,0) result=miss
10:00:58.838 shot: pos=(9,4) result=miss
10:00:58.841 enemy-shot: pos=(5,6) result=miss
10:00:58.845 shot: pos=(5,4) result=miss
10:00:58.849 enemy-shot: pos=(0,3) result=sunk ship-size=1
10:00:58.854 shot: pos=(0,8) result=miss
10:00:58.858 enemy-shot: pos=(7,0) result=miss
10:00:58.861 shot: pos=(9,3) result=miss
10:00:58.864 enemy-shot: pos=(9,4) result=miss
10:00:58.869 shot: pos=(1,5) result=sunk ship-size=1
10:00:58.872 enemy-shot: pos=(2,9) result=miss
10:00:58.875 shot: pos=(2,4) result=miss
10:00:58.879 enemy-shot: pos=(5,7) result=miss
10:00:58.883 shot: pos=(6,8) result=hit
10:00:58.886 enemy-shot: pos=(5,1) result=miss
10:00:58.890 shot: pos=(6,9) result=miss
10:00:58.893 enemy-shot: pos=(5,8) result=miss
10:00:58.896 shot: pos=(5,8) result=sunk ship-size=2
10:00:58.904 game-over: result=win total-shots=55 enemy-total-shots=54
10:00:58.908 enemy-ship: size=4 pos=(2,6) dir=vertical
10:00:58.911 enemy-ship: size=3 pos=(7,1) dir=vertical
10:00:58.915 enemy-ship: size=3 pos=(3,0) dir=vertical
10:00:58.918 enemy-ship: size=2 pos=(5,8) dir=horizontal
10:00:58.922 enemy-ship: size=2 pos=(9,6) dir=vertical
10:00:58.925 enemy-ship: size=2 pos=(1,2) dir=vertical
10:00:58.928 enemy-ship: size=1 pos=(8,5) dir=horizontal
10:00:58.932 enemy-ship: size=1 pos=(6,6) dir=horizontal
10:00:58.935 enemy-ship: size=1 pos=(8,9) dir=horizontal
10:00:58.938 enemy-ship: size=1 pos=(1,5) dir=vertical
