10:00:25.365 place-ship: size=4 pos=(4,4) dir=vertical
10:00:25.376 place-ship: size=3 pos=(2,1) dir=horizontal
10:00:25.379 place-ship: size=3 pos=(0,8) dir=horizontal
10:00:25.383 place-ship: size=2 pos=(0,1) dir=vertical
10:00:25.386 place-ship: size=2 pos=(7,6) dir=horizontal
10:00:25.389 place-ship: size=2 pos=(6,1) dir=horizontal
10:00:25.392 place-ship: size=1 pos=(8,3) dir=vertical
10:00:25.396 place-ship: size=1 pos=(6,3) dir=horizontal
10:00:25.399 place-ship: size=1 pos=(2,3) dir=vertical
10:00:25.403 place-ship: size=1 pos=(1,0) dir=horizontal
10:00:25.408 shot: pos=(1,0) result=miss
10:00:25.412 enemy-shot: pos=(9,7) result=miss
10:00:25.415 shot: pos=(7,5) result=miss
10:00:25.419 enemy-shot: pos=(0,1) result=hit
10:00:25.422 shot: pos=(8,9) result=miss
10:00:25.425 enemy-shot: pos=(0,0) result=miss
10:00:25.435 shot: pos=(8,4) result=sunk ship-size=1
10:00:25.438 enemy-shot: pos=(1,1) result=miss
10:00:25.441 shot: pos=(3,3) result=miss
10:00:25.445 enemy-shot: pos=(0,2) result=sunk ship-size=2
10:00:25.448 shot: pos=(2,9) result=hit
10:00:25.452 enemy-shot: pos=(4,0) result=miss
10:00:25.455 shot: pos=(2,8) result=miss
10:00:25.458 enemy-shot: pos=(4,3) result=miss
10:00:25.460 shot: pos=(3,9) result=miss
10:00:25.464 enemy-shot: pos=(8,2) result=miss
10:00:25.467 shot: pos=(1,9) result=sunk ship-size=2
10:00:25.470 enemy-shot: pos=(4,7) result=hit
10:00:25.473 shot: pos=(6,6) result=miss
10:00:25.476 enemy-shot: pos=(5,7) result=miss
10:00:25.479 shot: pos=(3,2) result=miss
10:00:25.483 enemy-shot: pos=(4,6) result=hit
10:00:25.486 shot: pos=(2,0) result=miss
10:00:25.490 enemy-shot: pos=(4,5) result=hit
10:00:25.493 shot: pos=(2,3) result=miss
10:00:25.496 enemy-shot: pos=(4,4) result=sunk ship-size=4
10:00:25.499 shot: pos=(3,6) result=miss
10:00:25.502 enemy-shot: pos=(5,1) result=miss
10:00:25.506 shot: pos=(0,5) result=miss
10:00:25.508 enemy-shot: pos=(7,2) result=miss
10:00:25.511 shot: pos=(7,0) result=hit
10:00:25.516 enemy-shot: pos=(8,5) result=miss
10:00:25.519 shot: pos=(8,0) result=hit
10:00:25.522 enemy-shot: pos=(9,4) result=miss
10:00:25.525 shot: pos=(6,0) result=miss
10:00:25.529 enemy-shot: pos=(7,6) result=hit
10:00:25.532 shot: pos=(9,0) result=sunk ship-size=3
10:00:25.536 enemy-shot: pos=(7,5) result=miss
10:00:25.539 shot: pos=(4,9) result=miss
10:00:25.542 enemy-shot: pos=(7,7) result=miss
10:00:25.546 shot: pos=(8,8) result=miss
10:00:25.549 enemy-shot: pos=(6,6) result=miss
10:00:25.552 shot: pos=(8,7) result=miss
10:00:25.556 enemy-shot: pos=(8,6) result=sunk ship-size=2
10:00:25.559 shot: pos=(0,4) result=miss
10:00:25.562 enemy-shot: pos=(8,8) result=miss
10:00:25.566 shot: pos=(2,1) result=miss
10:00:25.570 enemy-shot: pos=(5,3) result=miss
10:00:25.574 shot: pos=(4,0) result=miss
10:00:25.578 enemy-shot: pos=(0,5) result=miss
10:00:25.581 shot: pos=(0,8) result=miss
10:00:25.584 enemy-shot: pos=(4,1) result=hit
10:00:25.588 shot: pos=(4,7) result=hit
10:00:25.591 enemy-shot: pos=(3,1) result=hit
10:00:25.594 shot: pos=(5,7) result=hit
10:00:25.599 enemy-shot: pos=(2,1) result=sunk ship-size=3
10:00:25.602 shot: pos=(3,7) result=hit
10:00:25.605 enemy-shot: pos=(1,3) result=miss
10:00:25.609 shot: pos=(2,7) result=sunk ship-size=4
10:00:25.613 enemy-shot: pos=(5,2) result=miss
10:00:25.617 shot: pos=(5,9) result=miss
10:00:25.621 enemy-shot: pos=(0,9) result=miss
10:00:25.624 shot: pos=(1,4) result=miss
10:00:25.627 enemy-shot: pos=(5,0) result=miss
10:00:25.630 shot: pos=(3,5) result=miss
10:00:25.634 enemy-shot: pos=(8,1) result=miss
10:00:25.637 shot: pos=(6,9) result=miss
10:00:25.640 enemy-shot: pos=(9,8) result=miss
10:00:25.644 shot: pos=(5,5) result=hit
10:00:25.648 enemy-shot: pos=(1,0) result=sunk ship-size=1
10:00:25.652 shot: pos=(4,5) result=hit
10:00:25.655 enemy-shot: pos=(2,5) result=miss
10:00:25.659 shot: pos=(6,5) result=sunk ship-size=3
10:00:25.663 enemy-shot: pos=(0,8) result=hit
10:00:25.666 shot: pos=(9,2) result=miss
10:00:25.670 enemy-shot: pos=(0,7) result=miss
10:00:25.674 shot: pos=(0,1) result=miss
10:00:25.677 enemy-shot: pos=(1,8) result=hit
10:00:25.682 shot: pos=(2,4) result=miss
10:00:25.685 enemy-shot: pos=(2,8) result=sunk ship-size=3
10:00:25.689 shot: pos=(1,3) result=miss
10:00:25.692 enemy-shot: pos=(6,7) result=miss
10:00:25.696 shot: pos=(5,3) result=miss
10:00:25.700 enemy-shot: pos=(1,6) result=miss
10:00:25.704 shot: pos=(0,7) result=sunk ship-size=1
10:00:25.707 enemy-shot: pos=(0,6) result=miss
10:00:25.710 shot: pos=(9,8) result=miss
10:00:25.715 enemy-shot: pos=(7,0) result=miss
10:00:25.719 shot: pos=(1,1) result=miss
10:00:25.723 enemy-shot: pos=(9,9) result=miss
10:00:25.726 shot: pos=(2,2) result=miss
10:00:25.730 enemy-shot: pos=(6,2) result=miss
10:00:25.733 shot: pos=(7,7) result=miss
10:00:25.738 enemy-shot: pos=(0,4) result=miss
10:00:25.742 shot: pos=(4,1) result=hit
10:00:25.745 enemy-shot: pos=(7,9) result=miss
10:00:25.749 shot: pos=(3,1) result=miss
10:00:25.753 enemy-shot: pos=(6,4) result=miss
10:00:25.757 shot: pos=(4,2) result=sunk ship-size=2
10:00:25.761 enemy-shot: pos=(3,3) result=miss
10:00:25.764 shot: pos=(9,7) result=miss
10:00:25.768 enemy-shot: pos=(2,4) result=miss
10:00:25.772 shot: pos=(7,2) result=miss
10:00:25.776 enemy-shot: pos=(7,1) result=hit
10:00:25.780 shot: pos=(7,8) result=sunk ship-size=1
10:00:25.784 enemy-shot: pos=(6,1) result=sunk ship-size=2
10:00:25.788 shot: pos=(9,3) result=miss
10:00:25.791 enemy-shot: pos=(5,8) result=miss
10:00:25.795 shot: pos=(7,6) result=miss
10:00:25.798 enemy-shot: pos=(6,9) result=miss
10:00:25.802 shot: pos=(3,4) result=sunk ship-size=1
10:00:25.806 enemy-shot: pos=(9,0) result=miss
10:00:25.809 shot: pos=(8,6) result=miss
10:00:25.813 enemy-shot: pos=(8,3) result=sunk ship-size=1
10:00:25.816 shot: pos=(6,2) result=miss
10:00:25.819 enemy-shot: pos=(8,9) result=miss
10:00:25.822 shot: pos=(5,0) result=miss
10:00:25.824 enemy-shot: pos=(9,5) result=miss
10:00:25.830 shot: pos=(9,6) result=miss
10:00:25.834 enemy-shot: pos=(4,9) result=miss
10:00:25.838 shot: pos=(1,2) result=miss
10:00:25.843 enemy-shot: pos=(9,1) result=miss
10:00:25.846 shot: pos=(0,2) result=miss
10:00:25.851 enemy-shot: pos=(3,9) result=miss
10:00:25.855 shot: pos=(7,3) result=hit
10:00:25.858 enemy-shot: pos=(2,6) result=miss
10:00:25.861 shot: pos=(6,3) result=sunk ship-size=2
10:00:25.869 game-over: result=win total-shots=64 enemy-total-shots=63
10:00:25.873 enemy-ship: size=4 pos=(2,7) dir=horizontal
10:00:25.878 enemy-ship: size=3 pos=(4,5) dir=horizontal
10:00:25.881 enemy-ship: size=3 pos=(7,0) dir=horizontal
10:00:25.885 enemy-ship: size=2 pos=(4,1) dir=vertical
10:00:25.888 enemy-ship: size=2 pos=(6,3) dir=horizontal
10:00:25.892 enemy-ship: size=2 pos=(1,9) dir=horizontal
10:00:25.896 enemy-ship: size=1 pos=(0,7) dir=horizontal
10:00:25.900 enemy-ship: size=1 pos=(3,4) dir=horizontal
10:00:25.904 enemy-ship: size=1 pos=(7,8) dir=horizontal
10:00:25.907 enemy-ship: size=1 pos=(8,4) dir=vertical
